// Jest Snapshot v1, https://goo.gl/fbAQLP

exports[`renders Ballot component 1`] = `
<div>
  <form>
    <h3>
      Ballot for 
      pollName
    </h3>
    <div>
      Current value of ballot: 
      []
    </div>
    <div>
      Poll method is 
      FPTP
      , options are 
      ["apple","orange","banana"]
    </div>
    <button>
      Cast Ballot
    </button>
  </form>
</div>
`;
