// Jest Snapshot v1, https://goo.gl/fbAQLP

exports[`renders learn react link 1`] = `
<div>
  <div
    class="App"
  >
    <header
      class="App-header"
    >
      <img
        alt="logo"
        class="App-logo"
        src="logo.svg"
      />
      <form>
        <h3>
          New Poll Form
        </h3>
        <label>
          <input
            type="text"
            value="pollName"
          />
           Please enter a name for your poll
        </label>
        <label
          class="label"
        >
          <input
            type="text"
            value="apple,orange,banana"
          />
           Please enter a comma-separated list of candidates for your poll
        </label>
        <label>
          <select>
            <option
              value="FPTP"
            >
              First past the post
            </option>
            <option
              value="IRV"
            >
              Instant runoff vote
            </option>
             
          </select>
           Please enter a name for your poll
        </label>
        <div>
          Current value of newPoll: 
          {"ID":"pollID","name":"pollName","creator":"pollCreator","creation":1668475920768,"expiration":1668475920768,"method":"FPTP","candidates":["apple","orange","banana"],"ballots":[]}
        </div>
        <button>
          Create poll
        </button>
      </form>
    </header>
  </div>
</div>
`;
