// Jest Snapshot v1, https://goo.gl/fbAQLP

exports[`renders home page stuff 1`] = `
<div>
  <div
    class="App"
  >
    <header
      class="App-header"
    >
      <div>
        <h2>
          List of Polls
        </h2>
        <h4>
          Does not currently work
        </h4>
        <ul>
          <li>
            <a
              href="best-fruit"
            >
              best-fruit
            </a>
             
          </li>
          <li>
            <a
              href="best-pet"
            >
              best-pet
            </a>
             
          </li>
        </ul>
      </div>
      <form>
        <h3>
          New Poll Form
        </h3>
        <label>
          <input
            type="text"
            value="pollName"
          />
           Please enter a name for your poll
        </label>
        <label
          class="label"
        >
          <input
            type="text"
            value="apple,orange,banana"
          />
           Please enter a comma-separated list of candidates for your poll
        </label>
        <label>
          <select
            data-testid="methodSelect"
          >
            <option
              data-testid="methodOption"
              value="FPTP"
            >
              First past the post
            </option>
            <option
              data-testid="methodOption"
              value="IRV"
            >
              Instant runoff vote
            </option>
             
          </select>
           Please select a method for your poll
        </label>
        <button>
          Create poll
        </button>
      </form>
      <form>
        <h3>
          Ballot for 
          Best Pet
        </h3>
        <div
          class="ballot"
        >
          <div
            class="singleOption"
          >
            <label>
              Your choice for option 
              1
              <select>
                <option
                  disabled=""
                >
                  Please select a candidate
                </option>
                <option
                  value="dog"
                >
                  dog
                </option>
                <option
                  value="cat"
                >
                  cat
                </option>
                <option
                  value="goldfish"
                >
                  goldfish
                </option>
                <option
                  value="hamster"
                >
                  hamster
                </option>
              </select>
            </label>
          </div>
          <div
            class="singleOption"
          >
            <label>
              Your choice for option 
              2
              <select>
                <option
                  disabled=""
                >
                  Please select a candidate
                </option>
                <option
                  value="dog"
                >
                  dog
                </option>
                <option
                  value="cat"
                >
                  cat
                </option>
                <option
                  value="goldfish"
                >
                  goldfish
                </option>
                <option
                  value="hamster"
                >
                  hamster
                </option>
              </select>
            </label>
          </div>
          <div
            class="singleOption"
          >
            <label>
              Your choice for option 
              3
              <select>
                <option
                  disabled=""
                >
                  Please select a candidate
                </option>
                <option
                  value="dog"
                >
                  dog
                </option>
                <option
                  value="cat"
                >
                  cat
                </option>
                <option
                  value="goldfish"
                >
                  goldfish
                </option>
                <option
                  value="hamster"
                >
                  hamster
                </option>
              </select>
            </label>
          </div>
          <div
            class="singleOption"
          >
            <label>
              Your choice for option 
              4
              <select>
                <option
                  disabled=""
                >
                  Please select a candidate
                </option>
                <option
                  value="dog"
                >
                  dog
                </option>
                <option
                  value="cat"
                >
                  cat
                </option>
                <option
                  value="goldfish"
                >
                  goldfish
                </option>
                <option
                  value="hamster"
                >
                  hamster
                </option>
              </select>
            </label>
          </div>
        </div>
        <div>
          Current value of ballot: 
          []
        </div>
        <div>
          Poll method is 
          IRV
          , options are 
          ["dog","cat","goldfish","hamster"]
        </div>
        <button>
          Cast Ballot
        </button>
      </form>
      <div>
        <h3>
          Results for 
          Best Pet
        </h3>
        <div
          class="ballot"
        >
           A series of dropdown menus to select the first/second/third/etc candidates
        </div>
      </div>
    </header>
  </div>
</div>
`;
